
===== 2026-03-23 09:50:19.577694 =====

CPU Usage:
top - 09:50:19 up 58 min,  1 user,  load average: 1.48, 1.17, 1.24
Tasks: 292 total,   2 running, 290 sleeping,   0 stopped,   0 zombie
%Cpu(s): 31.1 us,  6.7 sy,  0.0 ni, 57.8 id,  4.4 wa,  0.0 hi,  0.0 si,  0.0 st 
MiB Mem :   7787.7 total,   1363.3 free,   3520.6 used,   3496.8 buff/cache     
MiB Swap:   2048.0 total,   2048.0 free,      0.0 used.   4267.0 avail Mem 

Memory Usage:
               total        used        free      shared  buff/cache   available
Mem:           7.6Gi       3.4Gi       1.3Gi       277Mi       3.4Gi       4.2Gi
Swap:          2.0Gi          0B       2.0Gi

Disk Usage:
Filesystem      Size  Used Avail Use% Mounted on
tmpfs           779M  5.0M  774M   1% /run
/dev/sda7        55G   28G   24G  55% /
tmpfs           3.9G   74M  3.8G   2% /dev/shm
tmpfs           5.0M  8.0K  5.0M   1% /run/lock
efivarfs         72K   15K   53K  23% /sys/firmware/efi/efivars
/dev/sda6       109G   81G   29G  75% /media/abhilash/0E92409792408565
/dev/sda2        95M   32M   64M  34% /boot/efi
tmpfs           779M  216K  779M   1% /run/user/1000

===== 2026-03-23 09:53:48.208699 =====

CPU Usage:
top - 09:53:48 up  1:02,  1 user,  load average: 0.58, 0.89, 1.11
Tasks: 290 total,   1 running, 289 sleeping,   0 stopped,   0 zombie
%Cpu(s):  6.4 us,  4.3 sy,  0.0 ni, 89.4 id,  0.0 wa,  0.0 hi,  0.0 si,  0.0 st 
MiB Mem :   7787.7 total,   1384.1 free,   3499.1 used,   3469.8 buff/cache     
MiB Swap:   2048.0 total,   2048.0 free,      0.0 used.   4288.6 avail Mem 

Memory Usage:
               total        used        free      shared  buff/cache   available
Mem:           7.6Gi       3.4Gi       1.4Gi       249Mi       3.4Gi       4.2Gi
Swap:          2.0Gi          0B       2.0Gi

Disk Usage:
Filesystem      Size  Used Avail Use% Mounted on
tmpfs           779M  5.0M  774M   1% /run
/dev/sda7        55G   28G   24G  55% /
tmpfs           3.9G   72M  3.8G   2% /dev/shm
tmpfs           5.0M  8.0K  5.0M   1% /run/lock
efivarfs         72K   15K   53K  23% /sys/firmware/efi/efivars
/dev/sda6       109G   81G   29G  75% /media/abhilash/0E92409792408565
/dev/sda2        95M   32M   64M  34% /boot/efi
tmpfs           779M  220K  779M   1% /run/user/1000
